INFO:     Will watch for changes in these directories: ['/home/deus/Assignment/proactive_assistant']
INFO:     Uvicorn running on http://0.0.0.0:8001 (Press CTRL+C to quit)
INFO:     Started reloader process [23087] using WatchFiles
INFO:     Started server process [23090]
INFO:     Waiting for application startup.
INFO:proactive_assistant_app.app:Database initialized.
INFO:     Application startup complete.
WARNING:proactive_assistant_app.food_client:Navigation failed while opening zomato login at https://www.zomato.com/: Page.goto: Timeout 45000ms exceeded.
Call log:
  - navigating to "https://www.zomato.com/", waiting until "domcontentloaded"

WARNING:proactive_assistant_app.food_client:Navigation failed while opening zomato login at https://www.zomato.com/in: Page.goto: Timeout 45000ms exceeded.
Call log:
  - navigating to "https://www.zomato.com/in", waiting until "commit"

WARNING:proactive_assistant_app.food_client:Navigation failed while opening zomato login at https://www.zomato.com/?desktop_web=1: Page.goto: Timeout 45000ms exceeded.
Call log:
  - navigating to "https://www.zomato.com/?desktop_web=1", waiting until "commit"

ERROR:proactive_assistant_app.food_client:Failed to open zomato login: Page.goto: Timeout 45000ms exceeded.
Call log:
  - navigating to "https://www.zomato.com/?desktop_web=1", waiting until "commit"

INFO:     127.0.0.1:35198 - "POST /api/food/login/zomato HTTP/1.1" 200 OK
INFO:     Shutting down
INFO:     Waiting for application shutdown.
INFO:proactive_assistant_app.app:Browser closed.
INFO:     Application shutdown complete.
INFO:     Finished server process [23090]
INFO:     Stopping reloader process [23087]
